This is XeTeX, Version 3.141592653-2.6-0.999998 (MiKTeX 26.1) (preloaded format=xelatex 2026.2.1)  12 APR 2026 16:07
entering extended mode
 restricted \write18 enabled.
 file:line:error style messages enabled.
 %&-line parsing enabled.
**"c:/Users/Dell 14 5425/UNI/2026spring/thesis/habit-system/thesis-report/main.
tex"

(c:/Users/Dell 14 5425/UNI/2026spring/thesis/habit-system/thesis-report/main.te
x
LaTeX2e <2025-11-01>
L3 programming layer <2026-01-19>
(preamble.tex
(C:\Users\Dell 14 5425\AppData\Local\Programs\MiKTeX\tex/latex/base\report.cls
Document Class: report 2025/01/22 v1.4n Standard LaTeX document class
(C:\Users\Dell 14 5425\AppData\Local\Programs\MiKTeX\tex/latex/base\size12.clo
File: size12.clo 2025/01/22 v1.4n Standard LaTeX file (size option)
)
\c@part=\count271
\c@chapter=\count272
\c@section=\count273
\c@subsection=\count274
\c@subsubsection=\count275
\c@paragraph=\count276
\c@subparagraph=\count277
\c@figure=\count278
\c@table=\count279
\abovecaptionskip=\skip49
\belowcaptionskip=\skip50
\bibindent=\dimen148
)
(C:\Users\Dell 14 5425\AppData\Local\Programs\MiKTeX\tex/latex/fontspec\fontspe
c.sty
(C:\Users\Dell 14 5425\AppData\Local\Programs\MiKTeX\tex/latex/l3packages/xpars
e\xparse.sty
(C:\Users\Dell 14 5425\AppData\Local\Programs\MiKTeX\tex/latex/l3kernel\expl3.s
ty
Package: expl3 2026-01-19 L3 programming layer (loader) 

(C:\Users\Dell 14 5425\AppData\Local\Programs\MiKTeX\tex/latex/l3backend\l3back
end-xetex.def
File: l3backend-xetex.def 2025-10-09 L3 backend support: XeTeX
\g__graphics_track_int=\count280
\g__pdfannot_backend_int=\count281
\g__pdfannot_backend_link_int=\count282
))
Package: xparse 2025-10-09 L3 Experimental document command parser
)
Package: fontspec 2025/09/29 v2.9g Font selection for XeLaTeX and LuaLaTeX

(C:\Users\Dell 14 5425\AppData\Local\Programs\MiKTeX\tex/latex/fontspec\fontspe
c-xetex.sty
Package: fontspec-xetex 2025/09/29 v2.9g Font selection for XeLaTeX and LuaLaTe
X
\l__fontspec_script_int=\count283
\l__fontspec_language_int=\count284
\l__fontspec_strnum_int=\count285
\l__fontspec_tmp_int=\count286
\l__fontspec_tmpa_int=\count287
\l__fontspec_tmpb_int=\count288
\l__fontspec_tmpc_int=\count289
\l__fontspec_em_int=\count290
\l__fontspec_emdef_int=\count291
\l__fontspec_strong_int=\count292
\l__fontspec_strongdef_int=\count293
\l__fontspec_tmpa_dim=\dimen149
\l__fontspec_tmpb_dim=\dimen150
\l__fontspec_tmpc_dim=\dimen151

(C:\Users\Dell 14 5425\AppData\Local\Programs\MiKTeX\tex/latex/base\fontenc.sty
Package: fontenc 2025/07/18 v2.1d Standard LaTeX package
)
(C:\Users\Dell 14 5425\AppData\Local\Programs\MiKTeX\tex/latex/fontspec\fontspe
c.cfg)))
(C:\Users\Dell 14 5425\AppData\Local\Programs\MiKTeX\tex/latex/xltxtra\xltxtra.
sty
Package: xltxtra 2018/12/31 v0.7 Improvements for the "XeLaTeX" format

(C:\Users\Dell 14 5425\AppData\Local\Programs\MiKTeX\tex/generic/iftex\ifluatex
.sty
Package: ifluatex 2019/10/25 v1.5 ifluatex legacy package. Use iftex instead.

(C:\Users\Dell 14 5425\AppData\Local\Programs\MiKTeX\tex/generic/iftex\iftex.st
y
Package: iftex 2024/12/12 v1.0g TeX engine tests
))
(C:\Users\Dell 14 5425\AppData\Local\Programs\MiKTeX\tex/generic/iftex\ifxetex.
sty
Package: ifxetex 2019/10/25 v0.7 ifxetex legacy package. Use iftex instead.
)
(C:\Users\Dell 14 5425\AppData\Local\Programs\MiKTeX\tex/latex/realscripts\real
scripts.sty
Package: realscripts 2016/02/13 v0.3d Access OpenType subscripts and superscrip
ts
\subsupersep=\dimen152
)
(C:\Users\Dell 14 5425\AppData\Local\Programs\MiKTeX\tex/latex/metalogo\metalog
o.sty
Package: metalogo 2010/05/29 v0.12 Extended TeX logo macros

(C:\Users\Dell 14 5425\AppData\Local\Programs\MiKTeX\tex/latex/graphics\graphic
x.sty
Package: graphicx 2024/12/31 v1.2e Enhanced LaTeX Graphics (DPC,SPQR)

(C:\Users\Dell 14 5425\AppData\Local\Programs\MiKTeX\tex/latex/graphics\keyval.
sty
Package: keyval 2022/05/29 v1.15 key=value parser (DPC)
\KV@toks@=\toks17
)
(C:\Users\Dell 14 5425\AppData\Local\Programs\MiKTeX\tex/latex/graphics\graphic
s.sty
Package: graphics 2024/08/06 v1.4g Standard LaTeX Graphics (DPC,SPQR)

(C:\Users\Dell 14 5425\AppData\Local\Programs\MiKTeX\tex/latex/graphics\trig.st
y
Package: trig 2023/12/02 v1.11 sin cos tan (DPC)
)
(C:\Users\Dell 14 5425\AppData\Local\Programs\MiKTeX\tex/latex/graphics-cfg\gra
phics.cfg
File: graphics.cfg 2016/06/04 v1.11 sample graphics configuration
)
Package graphics Info: Driver file: xetex.def on input line 106.

(C:\Users\Dell 14 5425\AppData\Local\Programs\MiKTeX\tex/latex/graphics-def\xet
ex.def
File: xetex.def 2025/11/01 v5.0p Graphics/color driver for xetex
))
\Gin@req@height=\dimen153
\Gin@req@width=\dimen154
)
\xl@everylogo=\toks18
\xl@@everylogo=\toks19
LaTeX Info: Redefining \TeX on input line 193.
LaTeX Info: Redefining \LaTeX on input line 202.
LaTeX Info: Redefining \LaTeXe on input line 219.
)
\l__xetex_show_hyphens_wrapping_box=\box53
\l__xetex_show_hyphens_temp_box=\box54
\l__xetex_show_hyphens_final_box=\box55
\g__xetex_show_hyphens_word_box=\box56
)
(C:\Users\Dell 14 5425\AppData\Local\Programs\MiKTeX\tex/xelatex/xunicode\xunic
ode.sty
File: xunicode.sty 2011/09/09 v0.981 provides access to latin accents and many 
other characters in Unicode lower plane

(C:\Users\Dell 14 5425\AppData\Local\Programs\MiKTeX\tex/latex/tipa\t3enc.def
File: t3enc.def 2001/12/31 T3 encoding
)
\tipaTiiicode=\count294
\tipasavetokens=\toks20
\tipachecktokens=\toks21
LaTeX Encoding Info:    Redeclaring text command \nobreakspace (encoding TU) on
 input line 1725.
LaTeX Encoding Info:    Redeclaring text command \copyright (encoding TU) on in
put line 1739.
LaTeX Encoding Info:    Redeclaring text command \AA (encoding TU) on input lin
e 1785.
LaTeX Encoding Info:    Redeclaring text command \aa (encoding TU) on input lin
e 1842.
LaTeX Encoding Info:    Redeclaring text command \textrhookopeno (encoding TU) 
on input line 3119.
LaTeX Encoding Info:    Redeclaring text command \hbar (encoding TU) on input l
ine 3636.
LaTeX Encoding Info:    Redeclaring text command \textaolig (encoding TU) on in
put line 3729.
)

Package fontspec Info: 
(fontspec)             Font family 'TimesNewRoman(0)' created for font 'Times
(fontspec)             New Roman' with options [Ligatures=TeX,Ligatures=TeX].
(fontspec)              
(fontspec)              This font family consists of the following NFSS
(fontspec)             series/shapes:
(fontspec)              
(fontspec)             - 'normal' (m/n) with NFSS spec.: <->"Times New
(fontspec)             Roman/OT:script=latn;language=dflt;mapping=tex-text;"
(fontspec)             - 'small caps'  (m/sc) with NFSS spec.: <->"Times New
(fontspec)             Roman/OT:script=latn;language=dflt;+smcp;mapping=tex-tex
t;"
(fontspec)             - 'bold' (b/n) with NFSS spec.: <->"Times New
(fontspec)             Roman/B/OT:script=latn;language=dflt;mapping=tex-text;"
(fontspec)             - 'bold small caps'  (b/sc) with NFSS spec.: <->"Times
(fontspec)             New
(fontspec)             Roman/B/OT:script=latn;language=dflt;+smcp;mapping=tex-t
ext;"
(fontspec)             - 'italic' (m/it) with NFSS spec.: <->"Times New
(fontspec)             Roman/I/OT:script=latn;language=dflt;mapping=tex-text;"
(fontspec)             - 'italic small caps'  (m/scit) with NFSS spec.:
(fontspec)             <->"Times New
(fontspec)             Roman/I/OT:script=latn;language=dflt;+smcp;mapping=tex-t
ext;"
(fontspec)             - 'bold italic' (b/it) with NFSS spec.: <->"Times New
(fontspec)             Roman/BI/OT:script=latn;language=dflt;mapping=tex-text;"

(fontspec)             - 'bold italic small caps'  (b/scit) with NFSS spec.:
(fontspec)             <->"Times New
(fontspec)             Roman/BI/OT:script=latn;language=dflt;+smcp;mapping=tex-
text;"


Package fontspec Info: 
(fontspec)             Font family 'Arial(0)' created for font 'Arial' with
(fontspec)             options [Ligatures=TeX].
(fontspec)              
(fontspec)              This font family consists of the following NFSS
(fontspec)             series/shapes:
(fontspec)              
(fontspec)             - 'normal' (m/n) with NFSS spec.:
(fontspec)             <->"Arial/OT:script=latn;language=dflt;mapping=tex-text;
"
(fontspec)             - 'small caps'  (m/sc) with NFSS spec.:
(fontspec)             <->"Arial/OT:script=latn;language=dflt;+smcp;mapping=tex
-text;"
(fontspec)             - 'bold' (b/n) with NFSS spec.:
(fontspec)             <->"Arial/B/OT:script=latn;language=dflt;mapping=tex-tex
t;"
(fontspec)             - 'bold small caps'  (b/sc) with NFSS spec.:
(fontspec)             <->"Arial/B/OT:script=latn;language=dflt;+smcp;mapping=t
ex-text;"
(fontspec)             - 'italic' (m/it) with NFSS spec.:
(fontspec)             <->"Arial/I/OT:script=latn;language=dflt;mapping=tex-tex
t;"
(fontspec)             - 'italic small caps'  (m/scit) with NFSS spec.:
(fontspec)             <->"Arial/I/OT:script=latn;language=dflt;+smcp;mapping=t
ex-text;"
(fontspec)             - 'bold italic' (b/it) with NFSS spec.:
(fontspec)             <->"Arial/BI/OT:script=latn;language=dflt;mapping=tex-te
xt;"
(fontspec)             - 'bold italic small caps'  (b/scit) with NFSS spec.:
(fontspec)             <->"Arial/BI/OT:script=latn;language=dflt;+smcp;mapping=
tex-text;"


(C:\Users\Dell 14 5425\AppData\Local\Programs\MiKTeX\tex/latex/geometry\geometr
y.sty
Package: geometry 2020/01/02 v5.9 Page Geometry

(C:\Users\Dell 14 5425\AppData\Local\Programs\MiKTeX\tex/generic/iftex\ifvtex.s
ty
Package: ifvtex 2019/10/25 v1.7 ifvtex legacy package. Use iftex instead.
)
\Gm@cnth=\count295
\Gm@cntv=\count296
\c@Gm@tempcnt=\count297
\Gm@bindingoffset=\dimen155
\Gm@wd@mp=\dimen156
\Gm@odd@mp=\dimen157
\Gm@even@mp=\dimen158
\Gm@layoutwidth=\dimen159
\Gm@layoutheight=\dimen160
\Gm@layouthoffset=\dimen161
\Gm@layoutvoffset=\dimen162
\Gm@dimlist=\toks22

(C:\Users\Dell 14 5425\AppData\Local\Programs\MiKTeX\tex/latex/geometry\geometr
y.cfg))
(C:\Users\Dell 14 5425\AppData\Local\Programs\MiKTeX\tex/latex/fancyhdr\fancyhd
r.sty
Package: fancyhdr 2025/02/07 v5.2 Extensive control of page headers and footers

\f@nch@headwidth=\skip51
\f@nch@offset@elh=\skip52
\f@nch@offset@erh=\skip53
\f@nch@offset@olh=\skip54
\f@nch@offset@orh=\skip55
\f@nch@offset@elf=\skip56
\f@nch@offset@erf=\skip57
\f@nch@offset@olf=\skip58
\f@nch@offset@orf=\skip59
\f@nch@height=\skip60
\f@nch@footalignment=\skip61
\f@nch@widthL=\skip62
\f@nch@widthC=\skip63
\f@nch@widthR=\skip64
\@temptokenb=\toks23
)
(C:\Users\Dell 14 5425\AppData\Local\Programs\MiKTeX\tex/latex/float\float.sty
Package: float 2001/11/08 v1.3d Float enhancements (AL)
\c@float@type=\count298
\float@exts=\toks24
\float@box=\box57
\@float@everytoks=\toks25
\@floatcapt=\box58
)
(C:\Users\Dell 14 5425\AppData\Local\Programs\MiKTeX\tex/latex/placeins\placein
s.sty
Package: placeins 2005/04/18  v 2.2
)
(C:\Users\Dell 14 5425\AppData\Local\Programs\MiKTeX\tex/latex/tools\afterpage.
sty
Package: afterpage 2023/07/04 v1.08 After-Page Package (DPC)
\AP@output=\toks26
\AP@partial=\box59
\AP@footins=\box60
)
(C:\Users\Dell 14 5425\AppData\Local\Programs\MiKTeX\tex/latex/xcolor\xcolor.st
y
Package: xcolor 2024/09/29 v3.02 LaTeX color extensions (UK)

(C:\Users\Dell 14 5425\AppData\Local\Programs\MiKTeX\tex/latex/graphics-cfg\col
or.cfg
File: color.cfg 2016/01/02 v1.6 sample color configuration
)
Package xcolor Info: Driver file: xetex.def on input line 274.

(C:\Users\Dell 14 5425\AppData\Local\Programs\MiKTeX\tex/latex/graphics\mathcol
or.ltx)
Package xcolor Info: Model `cmy' substituted by `cmy0' on input line 1349.
Package xcolor Info: Model `RGB' extended on input line 1365.
Package xcolor Info: Model `HTML' substituted by `rgb' on input line 1367.
Package xcolor Info: Model `Hsb' substituted by `hsb' on input line 1368.
Package xcolor Info: Model `tHsb' substituted by `hsb' on input line 1369.
Package xcolor Info: Model `HSB' substituted by `hsb' on input line 1370.
Package xcolor Info: Model `Gray' substituted by `gray' on input line 1371.
Package xcolor Info: Model `wave' substituted by `hsb' on input line 1372.
)
(C:\Users\Dell 14 5425\AppData\Local\Programs\MiKTeX\tex/latex/amsmath\amsmath.
sty
Package: amsmath 2025/07/09 v2.17z AMS math features
\@mathmargin=\skip65

For additional information on amsmath, use the `?' option.

(C:\Users\Dell 14 5425\AppData\Local\Programs\MiKTeX\tex/latex/amsmath\amstext.
sty
Package: amstext 2024/11/17 v2.01 AMS text

(C:\Users\Dell 14 5425\AppData\Local\Programs\MiKTeX\tex/latex/amsmath\amsgen.s
ty
File: amsgen.sty 1999/11/30 v2.0 generic functions
\@emptytoks=\toks27
\ex@=\dimen163
))
(C:\Users\Dell 14 5425\AppData\Local\Programs\MiKTeX\tex/latex/amsmath\amsbsy.s
ty
Package: amsbsy 1999/11/29 v1.2d Bold Symbols
\pmbraise@=\dimen164
)
(C:\Users\Dell 14 5425\AppData\Local\Programs\MiKTeX\tex/latex/amsmath\amsopn.s
ty
Package: amsopn 2022/04/08 v2.04 operator names
)
\inf@bad=\count299
LaTeX Info: Redefining \frac on input line 233.
\uproot@=\count300
\leftroot@=\count301
LaTeX Info: Redefining \overline on input line 398.
LaTeX Info: Redefining \colon on input line 409.
\classnum@=\count302
\DOTSCASE@=\count303
LaTeX Info: Redefining \ldots on input line 495.
LaTeX Info: Redefining \dots on input line 498.
LaTeX Info: Redefining \cdots on input line 619.
\Mathstrutbox@=\box61
\strutbox@=\box62
LaTeX Info: Redefining \big on input line 721.
LaTeX Info: Redefining \Big on input line 722.
LaTeX Info: Redefining \bigg on input line 723.
LaTeX Info: Redefining \Bigg on input line 724.
\big@size=\dimen165
LaTeX Font Info:    Redeclaring font encoding OML on input line 742.
LaTeX Font Info:    Redeclaring font encoding OMS on input line 743.
\macc@depth=\count304
LaTeX Info: Redefining \bmod on input line 904.
LaTeX Info: Redefining \pmod on input line 909.
LaTeX Info: Redefining \smash on input line 939.
LaTeX Info: Redefining \relbar on input line 969.
LaTeX Info: Redefining \Relbar on input line 970.
\c@MaxMatrixCols=\count305
\dotsspace@=\muskip17
\c@parentequation=\count306
\dspbrk@lvl=\count307
\tag@help=\toks28
\row@=\count308
\column@=\count309
\maxfields@=\count310
\andhelp@=\toks29
\eqnshift@=\dimen166
\alignsep@=\dimen167
\tagshift@=\dimen168
\tagwidth@=\dimen169
\totwidth@=\dimen170
\lineht@=\dimen171
\@envbody=\toks30
\multlinegap=\skip66
\multlinetaggap=\skip67
\mathdisplay@stack=\toks31
LaTeX Info: Redefining \[ on input line 2950.
LaTeX Info: Redefining \] on input line 2951.
)
(C:\Users\Dell 14 5425\AppData\Local\Programs\MiKTeX\tex/latex/amsfonts\amssymb
.sty
Package: amssymb 2013/01/14 v3.01 AMS font symbols

(C:\Users\Dell 14 5425\AppData\Local\Programs\MiKTeX\tex/latex/amsfonts\amsfont
s.sty
Package: amsfonts 2013/01/14 v3.01 Basic AMSFonts support
\symAMSa=\mathgroup4
\symAMSb=\mathgroup5
LaTeX Font Info:    Redeclaring math symbol \hbar on input line 98.
LaTeX Font Info:    Overwriting math alphabet `\mathfrak' in version `bold'
(Font)                  U/euf/m/n --> U/euf/b/n on input line 106.
))
(C:\Users\Dell 14 5425\AppData\Local\Programs\MiKTeX\tex/latex/tools\dcolumn.st
y
Package: dcolumn 2025/10/21 v1.06 decimal alignment package (DPC)

(C:\Users\Dell 14 5425\AppData\Local\Programs\MiKTeX\tex/latex/tools\array.sty
Package: array 2025/09/25 v2.6n Tabular extension package (FMi)
\col@sep=\dimen172
\ar@mcellbox=\box63
\extrarowheight=\dimen173
\NC@list=\toks32
\extratabsurround=\skip68
\backup@length=\skip69
\ar@cellbox=\box64
))
(C:\Users\Dell 14 5425\AppData\Local\Programs\MiKTeX\tex/latex/tocloft\tocloft.
sty
Package: tocloft 2017/08/31 v2.3i parameterised ToC, etc., typesetting
Package tocloft Info: The document has chapter divisions on input line 51.
\cftparskip=\skip70
\cftbeforetoctitleskip=\skip71
\cftaftertoctitleskip=\skip72
\cftbeforepartskip=\skip73
\cftpartnumwidth=\skip74
\cftpartindent=\skip75
\cftbeforechapskip=\skip76
\cftchapindent=\skip77
\cftchapnumwidth=\skip78
\cftbeforesecskip=\skip79
\cftsecindent=\skip80
\cftsecnumwidth=\skip81
\cftbeforesubsecskip=\skip82
\cftsubsecindent=\skip83
\cftsubsecnumwidth=\skip84
\cftbeforesubsubsecskip=\skip85
\cftsubsubsecindent=\skip86
\cftsubsubsecnumwidth=\skip87
\cftbeforeparaskip=\skip88
\cftparaindent=\skip89
\cftparanumwidth=\skip90
\cftbeforesubparaskip=\skip91
\cftsubparaindent=\skip92
\cftsubparanumwidth=\skip93
\cftbeforeloftitleskip=\skip94
\cftafterloftitleskip=\skip95
\cftbeforefigskip=\skip96
\cftfigindent=\skip97
\cftfignumwidth=\skip98
\c@lofdepth=\count311
\c@lotdepth=\count312
\cftbeforelottitleskip=\skip99
\cftafterlottitleskip=\skip100
\cftbeforetabskip=\skip101
\cfttabindent=\skip102
\cfttabnumwidth=\skip103
) (dics.sty
\fiveblanklines=\skip104
\tenblanklines=\skip105
)
(C:\Users\Dell 14 5425\AppData\Local\Programs\MiKTeX\tex/latex/nomencl\nomencl.
sty
Package: nomencl 2021/11/10 v5.6 Nomenclature package

(C:\Users\Dell 14 5425\AppData\Local\Programs\MiKTeX\tex/latex/xkeyval\xkeyval.
sty
Package: xkeyval 2022/06/16 v2.9 package option processing (HA)

(C:\Users\Dell 14 5425\AppData\Local\Programs\MiKTeX\tex/generic/xkeyval\xkeyva
l.tex
(C:\Users\Dell 14 5425\AppData\Local\Programs\MiKTeX\tex/generic/xkeyval\xkvuti
ls.tex
\XKV@toks=\toks33
\XKV@tempa@toks=\toks34
)
\XKV@depth=\count313
File: xkeyval.tex 2014/12/03 v2.7a key=value parser (HA)
))
(C:\Users\Dell 14 5425\AppData\Local\Programs\MiKTeX\tex/latex/base\ifthen.sty
Package: ifthen 2024/03/16 v1.1e Standard LaTeX ifthen package (DPC)
)
(C:\Users\Dell 14 5425\AppData\Local\Programs\MiKTeX\tex/latex/koma-script\tocb
asic.sty

+----------------------------------------------------------------------
| WARNING (`tocbasic.sty'):
+----------------------------------------------------------------------
| YOU SHOULD NOTE, THAT THIS IS NOT AN OFFICIAL RELEASE!
| THIS VERSION IS INTENDED TO BE USED FOR TESTING ONLY!
| USAGE FOR PURPOSES OTHER THAN INTENDED IS DANGEROUS!
| DON'T EXPECT ANY SUPPORT FOR THIS VERSION!
+----------------------------------------------------------------------

Package: tocbasic 2026/01/29 v3.49.1 KOMA-Script package (handling toc-files)

(C:\Users\Dell 14 5425\AppData\Local\Programs\MiKTeX\tex/latex/koma-script\scrb
ase.sty

+----------------------------------------------------------------------
| WARNING (`scrbase.sty'):
+----------------------------------------------------------------------
| YOU SHOULD NOTE, THAT THIS IS NOT AN OFFICIAL RELEASE!
| THIS VERSION IS INTENDED TO BE USED FOR TESTING ONLY!
| USAGE FOR PURPOSES OTHER THAN INTENDED IS DANGEROUS!
| DON'T EXPECT ANY SUPPORT FOR THIS VERSION!
+----------------------------------------------------------------------

Package: scrbase 2026/01/29 v3.49.1 KOMA-Script package (KOMA-Script-independen
t basics and keyval usage)

(C:\Users\Dell 14 5425\AppData\Local\Programs\MiKTeX\tex/latex/koma-script\scrl
file.sty

+----------------------------------------------------------------------
| WARNING (`scrlfile.sty'):
+----------------------------------------------------------------------
| YOU SHOULD NOTE, THAT THIS IS NOT AN OFFICIAL RELEASE!
| THIS VERSION IS INTENDED TO BE USED FOR TESTING ONLY!
| USAGE FOR PURPOSES OTHER THAN INTENDED IS DANGEROUS!
| DON'T EXPECT ANY SUPPORT FOR THIS VERSION!
+----------------------------------------------------------------------

Package: scrlfile 2026/01/29 v3.49.1 KOMA-Script package (file load hooks)

(C:\Users\Dell 14 5425\AppData\Local\Programs\MiKTeX\tex/latex/koma-script\scrl
file-hook.sty

+----------------------------------------------------------------------
| WARNING (`scrlfile-hook.sty'):
+----------------------------------------------------------------------
| YOU SHOULD NOTE, THAT THIS IS NOT AN OFFICIAL RELEASE!
| THIS VERSION IS INTENDED TO BE USED FOR TESTING ONLY!
| USAGE FOR PURPOSES OTHER THAN INTENDED IS DANGEROUS!
| DON'T EXPECT ANY SUPPORT FOR THIS VERSION!
+----------------------------------------------------------------------

Package: scrlfile-hook 2026/01/29 v3.49.1 KOMA-Script package (using LaTeX hook
s)

(C:\Users\Dell 14 5425\AppData\Local\Programs\MiKTeX\tex/latex/koma-script\scrl
ogo.sty

+----------------------------------------------------------------------
| WARNING (`scrlogo.sty'):
+----------------------------------------------------------------------
| YOU SHOULD NOTE, THAT THIS IS NOT AN OFFICIAL RELEASE!
| THIS VERSION IS INTENDED TO BE USED FOR TESTING ONLY!
| USAGE FOR PURPOSES OTHER THAN INTENDED IS DANGEROUS!
| DON'T EXPECT ANY SUPPORT FOR THIS VERSION!
+----------------------------------------------------------------------

Package: scrlogo 2026/01/29 v3.49.1 KOMA-Script package (logo)
)))
Applying: [2021/05/01] Usage of raw or classic option list on input line 267.
Already applied: [0000/00/00] Usage of raw or classic option list on input line
 383.
)
\scr@dte@tocline@numberwidth=\skip106
\scr@dte@tocline@numbox=\box65
)
Package tocbasic Info: omitting babel extension for `nlo'
(tocbasic)             because of missing \bbl@set@language on input line 187.
Package tocbasic Info: omitting babel extension for `nls'
(tocbasic)             because of missing \bbl@set@language on input line 188.
\nomlabelwidth=\dimen174
\nom@tempdim=\dimen175
\nomitemsep=\skip107
)
(C:\Users\Dell 14 5425\AppData\Local\Programs\MiKTeX\tex/latex/was\upgreek.sty
Package: upgreek 2003/02/12 v2.0 (WaS)
Package upgreek Info: Using Euler Roman for upright Greek on input line 31.
\symugrf@m=\mathgroup6
LaTeX Font Info:    Overwriting symbol font `ugrf@m' in version `bold'
(Font)                  U/eur/m/n --> U/eur/b/n on input line 38.
)
(C:\Users\Dell 14 5425\AppData\Local\Programs\MiKTeX\tex/latex/mathtools\mathto
ols.sty
Package: mathtools 2024/10/04 v1.31 mathematical typesetting tools

(C:\Users\Dell 14 5425\AppData\Local\Programs\MiKTeX\tex/latex/tools\calc.sty
Package: calc 2025/03/01 v4.3b Infix arithmetic (KKT,FJ)
\calc@Acount=\count314
\calc@Bcount=\count315
\calc@Adimen=\dimen176
\calc@Bdimen=\dimen177
\calc@Askip=\skip108
\calc@Bskip=\skip109
LaTeX Info: Redefining \setlength on input line 86.
LaTeX Info: Redefining \addtolength on input line 87.
\calc@Ccount=\count316
\calc@Cskip=\skip110
)
(C:\Users\Dell 14 5425\AppData\Local\Programs\MiKTeX\tex/latex/mathtools\mhsetu
p.sty
Package: mhsetup 2021/03/18 v1.4 programming setup (MH)
)
\g_MT_multlinerow_int=\count317
\l_MT_multwidth_dim=\dimen178
\origjot=\skip111
\l_MT_shortvdotswithinadjustabove_dim=\dimen179
\l_MT_shortvdotswithinadjustbelow_dim=\dimen180
\l_MT_above_intertext_sep=\dimen181
\l_MT_below_intertext_sep=\dimen182
\l_MT_above_shortintertext_sep=\dimen183
\l_MT_below_shortintertext_sep=\dimen184
\xmathstrut@box=\box66
\xmathstrut@dim=\dimen185
)
(C:\Users\Dell 14 5425\AppData\Local\Programs\MiKTeX\tex/latex/hyperref\hyperre
f.sty
Package: hyperref 2026-01-29 v7.01p Hypertext links for LaTeX

(C:\Users\Dell 14 5425\AppData\Local\Programs\MiKTeX\tex/latex/kvsetkeys\kvsetk
eys.sty
Package: kvsetkeys 2022-10-05 v1.19 Key value parser (HO)
)
(C:\Users\Dell 14 5425\AppData\Local\Programs\MiKTeX\tex/generic/kvdefinekeys\k
vdefinekeys.sty
Package: kvdefinekeys 2019-12-19 v1.6 Define keys (HO)
)
(C:\Users\Dell 14 5425\AppData\Local\Programs\MiKTeX\tex/generic/pdfescape\pdfe
scape.sty
Package: pdfescape 2019/12/09 v1.15 Implements pdfTeX's escape features (HO)

(C:\Users\Dell 14 5425\AppData\Local\Programs\MiKTeX\tex/generic/ltxcmds\ltxcmd
s.sty
Package: ltxcmds 2023-12-04 v1.26 LaTeX kernel commands for general use (HO)
)
(C:\Users\Dell 14 5425\AppData\Local\Programs\MiKTeX\tex/generic/pdftexcmds\pdf
texcmds.sty
Package: pdftexcmds 2020-06-27 v0.33 Utility functions of pdfTeX for LuaTeX (HO
)

(C:\Users\Dell 14 5425\AppData\Local\Programs\MiKTeX\tex/generic/infwarerr\infw
arerr.sty
Package: infwarerr 2019/12/03 v1.5 Providing info/warning/error messages (HO)
)
Package pdftexcmds Info: \pdf@primitive is available.
Package pdftexcmds Info: \pdf@ifprimitive is available.
Package pdftexcmds Info: \pdfdraftmode not found.
))
(C:\Users\Dell 14 5425\AppData\Local\Programs\MiKTeX\tex/latex/hycolor\hycolor.
sty
Package: hycolor 2020-01-27 v1.10 Color options for hyperref/bookmark (HO)
)
(C:\Users\Dell 14 5425\AppData\Local\Programs\MiKTeX\tex/latex/hyperref\nameref
.sty
Package: nameref 2026-01-29 v2.58 Cross-referencing by name of section

(C:\Users\Dell 14 5425\AppData\Local\Programs\MiKTeX\tex/latex/refcount\refcoun
t.sty
Package: refcount 2019/12/15 v3.6 Data extraction from label references (HO)
)
(C:\Users\Dell 14 5425\AppData\Local\Programs\MiKTeX\tex/generic/gettitlestring
\gettitlestring.sty
Package: gettitlestring 2019/12/15 v1.6 Cleanup title references (HO)

(C:\Users\Dell 14 5425\AppData\Local\Programs\MiKTeX\tex/latex/kvoptions\kvopti
ons.sty
Package: kvoptions 2022-06-15 v3.15 Key value format for package options (HO)
))
\c@section@level=\count318
)
(C:\Users\Dell 14 5425\AppData\Local\Programs\MiKTeX\tex/latex/etoolbox\etoolbo
x.sty
Package: etoolbox 2025/10/02 v2.5m e-TeX tools for LaTeX (JAW)
\etb@tempcnta=\count319
)
(C:\Users\Dell 14 5425\AppData\Local\Programs\MiKTeX\tex/generic/stringenc\stri
ngenc.sty
Package: stringenc 2019/11/29 v1.12 Convert strings between diff. encodings (HO
)
)
\@linkdim=\dimen186
\Hy@linkcounter=\count320
\Hy@pagecounter=\count321

(C:\Users\Dell 14 5425\AppData\Local\Programs\MiKTeX\tex/latex/hyperref\pd1enc.
def
File: pd1enc.def 2026-01-29 v7.01p Hyperref: PDFDocEncoding definition (HO)
)
(C:\Users\Dell 14 5425\AppData\Local\Programs\MiKTeX\tex/generic/intcalc\intcal
c.sty
Package: intcalc 2019/12/15 v1.3 Expandable calculations with integers (HO)
)
\Hy@SavedSpaceFactor=\count322

(C:\Users\Dell 14 5425\AppData\Local\Programs\MiKTeX\tex/latex/hyperref\puenc.d
ef
File: puenc.def 2026-01-29 v7.01p Hyperref: PDF Unicode definition (HO)

(C:\Users\Dell 14 5425\AppData\Local\Programs\MiKTeX\tex/latex/greek-fontenc\pu
enc-greek.def
File: puenc-greek.def 2023-09-12 2.5 Greek LICRs for PDF strings

(C:\Users\Dell 14 5425\AppData\Local\Programs\MiKTeX\tex/latex/greek-fontenc\gr
eek-fontenc.def
File: greek-fontenc.def 2023-09-12 2.5 Common Greek font encoding definitions
)
LaTeX Encoding Info:    Redeclaring text command \textmu (encoding PU) on input
 line 179.
)
LaTeX Encoding Info:    Redeclaring text command \textohm (encoding PU) on inpu
t line 1176.
)
Package hyperref Info: Hyper figures OFF on input line 4201.
Package hyperref Info: Link nesting OFF on input line 4206.
Package hyperref Info: Hyper index ON on input line 4209.
Package hyperref Info: Plain pages OFF on input line 4216.
Package hyperref Info: Backreferencing OFF on input line 4221.
Package hyperref Info: Implicit mode ON; LaTeX internals redefined.
Package hyperref Info: Bookmarks ON on input line 4468.
\c@Hy@tempcnt=\count323

(C:\Users\Dell 14 5425\AppData\Local\Programs\MiKTeX\tex/latex/url\url.sty
\Urlmuskip=\muskip18
Package: url 2013/09/16  ver 3.4  Verb mode for urls, etc.
)
LaTeX Info: Redefining \url on input line 4807.
\XeTeXLinkMargin=\dimen187

(C:\Users\Dell 14 5425\AppData\Local\Programs\MiKTeX\tex/generic/bitset\bitset.
sty
Package: bitset 2019/12/09 v1.3 Handle bit-vector datatype (HO)

(C:\Users\Dell 14 5425\AppData\Local\Programs\MiKTeX\tex/generic/bigintcalc\big
intcalc.sty
Package: bigintcalc 2019/12/15 v1.5 Expandable calculations on big integers (HO
)
))
\Fld@menulength=\count324
\Field@Width=\dimen188
\Fld@charsize=\dimen189
Package hyperref Info: Hyper figures OFF on input line 6084.
Package hyperref Info: Link nesting OFF on input line 6089.
Package hyperref Info: Hyper index ON on input line 6092.
Package hyperref Info: backreferencing OFF on input line 6099.
Package hyperref Info: Link coloring OFF on input line 6104.
Package hyperref Info: Link coloring with OCG OFF on input line 6109.
Package hyperref Info: PDF/A mode OFF on input line 6114.
\Hy@abspage=\count325
\c@Item=\count326
\c@Hfootnote=\count327
)
Package hyperref Info: Driver (autodetected): hxetex.

(C:\Users\Dell 14 5425\AppData\Local\Programs\MiKTeX\tex/latex/hyperref\hxetex.
def
File: hxetex.def 2026-01-29 v7.01p Hyperref driver for XeTeX
\pdfm@box=\box67
\c@Hy@AnnotLevel=\count328
\HyField@AnnotCount=\count329
\Fld@listcount=\count330
\c@bookmark@seq@number=\count331

(C:\Users\Dell 14 5425\AppData\Local\Programs\MiKTeX\tex/latex/rerunfilecheck\r
erunfilecheck.sty
Package: rerunfilecheck 2025-06-21 v1.11 Rerun checks for auxiliary files (HO)

(C:\Users\Dell 14 5425\AppData\Local\Programs\MiKTeX\tex/generic/uniquecounter\
uniquecounter.sty
Package: uniquecounter 2019/12/15 v1.4 Provide unlimited unique counter (HO)
)
Package uniquecounter Info: New unique counter `rerunfilecheck' on input line 2
84.
)
\Hy@SectionHShift=\skip112
)
(C:\Users\Dell 14 5425\AppData\Local\Programs\MiKTeX\tex/latex/tools\longtable.
sty
Package: longtable 2025-10-13 v4.24 Multi-page Table package (DPC)
\LTleft=\skip113
\LTright=\skip114
\LTpre=\skip115
\LTpost=\skip116
\LTchunksize=\count332
\LTcapwidth=\dimen190
\LT@head=\box68
\LT@firsthead=\box69
\LT@foot=\box70
\LT@lastfoot=\box71
\LT@gbox=\box72
\LT@cols=\count333
\LT@rows=\count334
\c@LT@tables=\count335
\c@LT@chunks=\count336
\LT@p@ftn=\toks35
)
(C:\Users\Dell 14 5425\AppData\Local\Programs\MiKTeX\tex/latex/ragged2e\ragged2
e.sty
Package: ragged2e 2023/06/22 v3.6 ragged2e Package
\CenteringLeftskip=\skip117
\RaggedLeftLeftskip=\skip118
\RaggedRightLeftskip=\skip119
\CenteringRightskip=\skip120
\RaggedLeftRightskip=\skip121
\RaggedRightRightskip=\skip122
\CenteringParfillskip=\skip123
\RaggedLeftParfillskip=\skip124
\RaggedRightParfillskip=\skip125
\JustifyingParfillskip=\skip126
\CenteringParindent=\skip127
\RaggedLeftParindent=\skip128
\RaggedRightParindent=\skip129
\JustifyingParindent=\skip130
)
(C:\Users\Dell 14 5425\AppData\Local\Programs\MiKTeX\tex/latex/algorithms\algor
ithm.sty
Invalid UTF-8 byte or sequence at line 11 replaced by U+FFFD.
Package: algorithm 2009/08/24 v0.1 Document Style `algorithm' - floating enviro
nment
\@float@every@algorithm=\toks36
\c@algorithm=\count337
)
(C:\Users\Dell 14 5425\AppData\Local\Programs\MiKTeX\tex/latex/algorithmicx\alg
pseudocode.sty
Package: algpseudocode 

(C:\Users\Dell 14 5425\AppData\Local\Programs\MiKTeX\tex/latex/algorithmicx\alg
orithmicx.sty
Package: algorithmicx 2005/04/27 v1.2 Algorithmicx

Document Style algorithmicx 1.2 - a greatly improved `algorithmic' style
\c@ALG@line=\count338
\c@ALG@rem=\count339
\c@ALG@nested=\count340
\ALG@tlm=\skip131
\ALG@thistlm=\skip132
\c@ALG@Lnr=\count341
\c@ALG@blocknr=\count342
\c@ALG@storecount=\count343
\c@ALG@tmpcounter=\count344
\ALG@tmplength=\skip133
)
Document Style - pseudocode environments for use with the `algorithmicx' style
)
(C:\Users\Dell 14 5425\AppData\Local\Programs\MiKTeX\tex/latex/listings\listing
s.sty
\lst@mode=\count345
\lst@gtempboxa=\box73
\lst@token=\toks37
\lst@length=\count346
\lst@currlwidth=\dimen191
\lst@column=\count347
\lst@pos=\count348
\lst@lostspace=\dimen192
\lst@width=\dimen193
\lst@newlines=\count349
\lst@lineno=\count350
\lst@maxwidth=\dimen194

(C:\Users\Dell 14 5425\AppData\Local\Programs\MiKTeX\tex/latex/listings\lstpatc
h.sty
File: lstpatch.sty 2025/11/14 1.11b (Carsten Heinz)
)
(C:\Users\Dell 14 5425\AppData\Local\Programs\MiKTeX\tex/latex/listings\lstmisc
.sty
File: lstmisc.sty 2025/11/14 1.11b (Carsten Heinz)
\c@lstnumber=\count351
\lst@skipnumbers=\count352
\lst@framebox=\box74
)
(C:\Users\Dell 14 5425\AppData\Local\Programs\MiKTeX\tex/latex/listings\listing
s.cfg
File: listings.cfg 2025/11/14 1.11b listings configuration
))
Package: listings 2025/11/14 1.11b (Carsten Heinz)

==> First Aid for listings.sty no longer applied!
    Expected:
        2024/09/23 1.10c (Carsten Heinz)
    but found:
        2025/11/14 1.11b (Carsten Heinz)
    so I'm assuming it got fixed.

(C:\Users\Dell 14 5425\AppData\Local\Programs\MiKTeX\tex/latex/caption\caption.
sty
Package: caption 2023/08/05 v3.6o Customizing captions (AR)

(C:\Users\Dell 14 5425\AppData\Local\Programs\MiKTeX\tex/latex/caption\caption3
.sty
Package: caption3 2023/07/31 v2.4d caption3 kernel (AR)
\caption@tempdima=\dimen195
\captionmargin=\dimen196
\caption@leftmargin=\dimen197
\caption@rightmargin=\dimen198
\caption@width=\dimen199
\caption@indent=\dimen256
\caption@parindent=\dimen257
\caption@hangindent=\dimen258
Package caption Info: Unknown document class (or package),
(caption)             standard defaults will be used.
Package caption Info: \@makecaption = \long macro:#1#2->\singlespace {\textbf {
#1} #2\par }  on input line 1175.
)

Package caption Warning: Unknown document class (or package),
(caption)                standard defaults will be used.
See the caption package documentation for explanation.

\c@caption@flags=\count353
\c@continuedfloat=\count354
Package caption Info: float package is loaded.
Package caption Info: hyperref package is loaded.
Package caption Info: listings package is loaded.
Package caption Info: longtable package is loaded.

(C:\Users\Dell 14 5425\AppData\Local\Programs\MiKTeX\tex/latex/caption\ltcaptio
n.sty
Package: ltcaption 2021/01/08 v1.4c longtable captions (AR)
))
(C:\Users\Dell 14 5425\AppData\Local\Programs\MiKTeX\tex/latex/subfiles\subfile
s.sty
Package: subfiles 2020/11/14 v2.2 Multi-file projects (package)

(C:\Users\Dell 14 5425\AppData\Local\Programs\MiKTeX\tex/latex/import\import.st
y
Package: import 2020/04/01  v 6.2
))
\@nomenclaturefile=\write3
\openout3 = `main.nlo'.

Package nomencl Info: Writing nomenclature file main.nlo on input line 114.
) (title_page_info.tex) (main.aux (main-pre.aux) (chapter1_research.aux)
(chapter2_license.aux) (chapter3_architecture.aux) (chapter4_system_design.aux)
(chapter5_evaluation.aux) (appendix_system_details.aux))
\openout1 = `main.aux'.

LaTeX Font Info:    Checking defaults for OML/cmm/m/it on input line 9.
LaTeX Font Info:    ... okay on input line 9.
LaTeX Font Info:    Checking defaults for OMS/cmsy/m/n on input line 9.
LaTeX Font Info:    ... okay on input line 9.
LaTeX Font Info:    Checking defaults for OT1/cmr/m/n on input line 9.
LaTeX Font Info:    ... okay on input line 9.
LaTeX Font Info:    Checking defaults for T1/cmr/m/n on input line 9.
LaTeX Font Info:    ... okay on input line 9.
LaTeX Font Info:    Checking defaults for TS1/cmr/m/n on input line 9.
LaTeX Font Info:    ... okay on input line 9.
LaTeX Font Info:    Checking defaults for TU/lmr/m/n on input line 9.
LaTeX Font Info:    ... okay on input line 9.
LaTeX Font Info:    Checking defaults for OMX/cmex/m/n on input line 9.
LaTeX Font Info:    ... okay on input line 9.
LaTeX Font Info:    Checking defaults for U/cmr/m/n on input line 9.
LaTeX Font Info:    ... okay on input line 9.
LaTeX Font Info:    Checking defaults for T3/cmr/m/n on input line 9.
LaTeX Font Info:    Trying to load font information for T3+cmr on input line 9.


(C:\Users\Dell 14 5425\AppData\Local\Programs\MiKTeX\tex/latex/tipa\t3cmr.fd
File: t3cmr.fd 2001/12/31 TIPA font definitions
)
LaTeX Font Info:    ... okay on input line 9.
LaTeX Font Info:    Checking defaults for PD1/pdf/m/n on input line 9.
LaTeX Font Info:    ... okay on input line 9.
LaTeX Font Info:    Checking defaults for PU/pdf/m/n on input line 9.
LaTeX Font Info:    ... okay on input line 9.

Package fontspec Info: 
(fontspec)             Adjusting the maths setup (use [no-math] to avoid
(fontspec)             this).

\symlegacymaths=\mathgroup7
LaTeX Font Info:    Overwriting symbol font `legacymaths' in version `bold'
(Font)                  OT1/cmr/m/n --> OT1/cmr/bx/n on input line 9.
LaTeX Font Info:    Redeclaring math accent \acute on input line 9.
LaTeX Font Info:    Redeclaring math accent \grave on input line 9.
LaTeX Font Info:    Redeclaring math accent \ddot on input line 9.
LaTeX Font Info:    Redeclaring math accent \tilde on input line 9.
LaTeX Font Info:    Redeclaring math accent \bar on input line 9.
LaTeX Font Info:    Redeclaring math accent \breve on input line 9.
LaTeX Font Info:    Redeclaring math accent \check on input line 9.
LaTeX Font Info:    Redeclaring math accent \hat on input line 9.
LaTeX Font Info:    Redeclaring math accent \dot on input line 9.
LaTeX Font Info:    Redeclaring math accent \mathring on input line 9.
LaTeX Font Info:    Redeclaring math symbol \Gamma on input line 9.
LaTeX Font Info:    Redeclaring math symbol \Delta on input line 9.
LaTeX Font Info:    Redeclaring math symbol \Theta on input line 9.
LaTeX Font Info:    Redeclaring math symbol \Lambda on input line 9.
LaTeX Font Info:    Redeclaring math symbol \Xi on input line 9.
LaTeX Font Info:    Redeclaring math symbol \Pi on input line 9.
LaTeX Font Info:    Redeclaring math symbol \Sigma on input line 9.
LaTeX Font Info:    Redeclaring math symbol \Upsilon on input line 9.
LaTeX Font Info:    Redeclaring math symbol \Phi on input line 9.
LaTeX Font Info:    Redeclaring math symbol \Psi on input line 9.
LaTeX Font Info:    Redeclaring math symbol \Omega on input line 9.
LaTeX Font Info:    Redeclaring math symbol \mathdollar on input line 9.
LaTeX Font Info:    Redeclaring symbol font `operators' on input line 9.
LaTeX Font Info:    Encoding `OT1' has changed to `TU' for symbol font
(Font)              `operators' in the math version `normal' on input line 9.
LaTeX Font Info:    Overwriting symbol font `operators' in version `normal'
(Font)                  OT1/cmr/m/n --> TU/TimesNewRoman(0)/m/n on input line 9
.
LaTeX Font Info:    Encoding `OT1' has changed to `TU' for symbol font
(Font)              `operators' in the math version `bold' on input line 9.
LaTeX Font Info:    Overwriting symbol font `operators' in version `bold'
(Font)                  OT1/cmr/bx/n --> TU/TimesNewRoman(0)/m/n on input line 
9.
LaTeX Font Info:    Overwriting symbol font `operators' in version `normal'
(Font)                  TU/TimesNewRoman(0)/m/n --> TU/TimesNewRoman(0)/m/n on 
input line 9.
LaTeX Font Info:    Overwriting math alphabet `\mathit' in version `normal'
(Font)                  OT1/cmr/m/it --> TU/TimesNewRoman(0)/m/it on input line
 9.
LaTeX Font Info:    Overwriting math alphabet `\mathbf' in version `normal'
(Font)                  OT1/cmr/bx/n --> TU/TimesNewRoman(0)/b/n on input line 
9.
LaTeX Font Info:    Overwriting math alphabet `\mathsf' in version `normal'
(Font)                  OT1/cmss/m/n --> TU/Arial(0)/m/n on input line 9.
LaTeX Font Info:    Overwriting math alphabet `\mathtt' in version `normal'
(Font)                  OT1/cmtt/m/n --> TU/lmtt/m/n on input line 9.
LaTeX Font Info:    Overwriting symbol font `operators' in version `bold'
(Font)                  TU/TimesNewRoman(0)/m/n --> TU/TimesNewRoman(0)/b/n on 
input line 9.
LaTeX Font Info:    Overwriting math alphabet `\mathit' in version `bold'
(Font)                  OT1/cmr/bx/it --> TU/TimesNewRoman(0)/b/it on input lin
e 9.
LaTeX Font Info:    Overwriting math alphabet `\mathsf' in version `bold'
(Font)                  OT1/cmss/bx/n --> TU/Arial(0)/b/n on input line 9.
LaTeX Font Info:    Overwriting math alphabet `\mathtt' in version `bold'
(Font)                  OT1/cmtt/m/n --> TU/lmtt/b/n on input line 9.

*geometry* driver: auto-detecting
*geometry* detected driver: xetex
*geometry* verbose mode - [ preamble ] result:
* driver: xetex
* paper: a4paper
* layout: <same size as paper>
* layoutoffset:(h,v)=(0.0pt,0.0pt)
* modes: includefoot 
* h-part:(L,W,R)=(85.35826pt, 455.24411pt, 56.9055pt)
* v-part:(T,H,B)=(71.13188pt, 717.00946pt, 56.9055pt)
* \paperwidth=597.50787pt
* \paperheight=845.04684pt
* \textwidth=455.24411pt
* \textheight=687.00946pt
* \oddsidemargin=13.08827pt
* \evensidemargin=13.08827pt
* \topmargin=-41.1381pt
* \headheight=15.0pt
* \headsep=25.0pt
* \topskip=12.0pt
* \footskip=30.0pt
* \marginparwidth=35.0pt
* \marginparsep=10.0pt
* \columnsep=10.0pt
* \skip\footins=10.8pt plus 4.0pt minus 2.0pt
* \hoffset=0.0pt
* \voffset=0.0pt
* \mag=1000
* \@twocolumnfalse
* \@twosidefalse
* \@mparswitchfalse
* \@reversemarginfalse
* (1in=72.27pt=25.4mm, 1cm=28.453pt)

Package hyperref Info: Link coloring OFF on input line 9.
(main.out) (main.out)
\@outlinefile=\write4
\openout4 = `main.out'.

\c@lstlisting=\count355
Package tocbasic Info: omitting babel extension for `lol'
(tocbasic)             because of missing \bbl@set@language on input line 9.
Package caption Info: Begin \AtBeginDocument code.
Package caption Info: End \AtBeginDocument code.
\openout2 = `main-pre.aux'.

 (main-pre.tex
LaTeX Font Info:    Trying to load font information for U+msa on input line 3.

(C:\Users\Dell 14 5425\AppData\Local\Programs\MiKTeX\tex/latex/amsfonts\umsa.fd
File: umsa.fd 2013/01/14 v3.01 AMS symbols A
)
LaTeX Font Info:    Trying to load font information for U+msb on input line 3.

(C:\Users\Dell 14 5425\AppData\Local\Programs\MiKTeX\tex/latex/amsfonts\umsb.fd
File: umsb.fd 2013/01/14 v3.01 AMS symbols B
) [1


]
Overfull \hbox (18.0pt too wide) in paragraph at lines 5--5
[][] 
 []

[0

]
Underfull \hbox (badness 10000) in paragraph at lines 10--14

 []


Underfull \hbox (badness 3271) in paragraph at lines 10--14
\TU/TimesNewRoman(0)/m/n/12 Миний бие Галбаярын Дэлгэрмаа дараах сэдэвтэй судал
гааны ажлыг гүйцэтгэсэн
 []

[1

]
*geometry* verbose mode - [ newgeometry ] result:
* driver: xetex
* paper: a4paper
* layout: <same size as paper>
* layoutoffset:(h,v)=(0.0pt,0.0pt)
* modes: includehead includefoot 
* h-part:(L,W,R)=(90.3375pt, 416.83289pt, 90.3375pt)
* v-part:(T,H,B)=(72.26999pt, 700.50687pt, 72.26999pt)
* \paperwidth=597.50787pt
* \paperheight=845.04684pt
* \textwidth=416.83289pt
* \textheight=630.50687pt
* \oddsidemargin=18.0675pt
* \evensidemargin=18.0675pt
* \topmargin=0.0pt
* \headheight=15.0pt
* \headsep=25.0pt
* \topskip=12.0pt
* \footskip=30.0pt
* \marginparwidth=35.0pt
* \marginparsep=10.0pt
* \columnsep=10.0pt
* \skip\footins=10.8pt plus 4.0pt minus 2.0pt
* \hoffset=0.0pt
* \voffset=0.0pt
* \mag=1000
* \@twocolumnfalse
* \@twosidefalse
* \@mparswitchfalse
* \@reversemarginfalse
* (1in=72.27pt=25.4mm, 1cm=28.453pt)

 (main.toc
Underfull \hbox (badness 2689) in paragraph at lines 14--14
 [][] [][]\TU/TimesNewRoman(0)/m/n/12 Итгүүлэн нөлөөлөх технологи ба яг цаг тух
айд нь дасан 
 []

[2

]
Underfull \hbox (badness 10000) in paragraph at lines 68--68
 [][] [][]\TU/TimesNewRoman(0)/m/n/12 Хэрэглээний тохиолдол ба системийн урсгал
ын нэмэлт 
 []

[3])
\tf@toc=\write5
\openout5 = `main.toc'.

 [4]
*geometry* verbose mode - [ newgeometry ] result:
* driver: xetex
* paper: a4paper
* layout: <same size as paper>
* layoutoffset:(h,v)=(0.0pt,0.0pt)
* modes: includehead includefoot 
* h-part:(L,W,R)=(90.3375pt, 416.83289pt, 90.3375pt)
* v-part:(T,H,B)=(72.26999pt, 700.50687pt, 72.26999pt)
* \paperwidth=597.50787pt
* \paperheight=845.04684pt
* \textwidth=416.83289pt
* \textheight=630.50687pt
* \oddsidemargin=18.0675pt
* \evensidemargin=18.0675pt
* \topmargin=0.0pt
* \headheight=15.0pt
* \headsep=25.0pt
* \topskip=12.0pt
* \footskip=30.0pt
* \marginparwidth=35.0pt
* \marginparsep=10.0pt
* \columnsep=10.0pt
* \skip\footins=10.8pt plus 4.0pt minus 2.0pt
* \hoffset=0.0pt
* \voffset=0.0pt
* \mag=1000
* \@twocolumnfalse
* \@twosidefalse
* \@mparswitchfalse
* \@reversemarginfalse
* (1in=72.27pt=25.4mm, 1cm=28.453pt)

 (main.lof
Underfull \hbox (badness 7397) in paragraph at lines 7--7
 [][] [][]\TU/TimesNewRoman(0)/m/n/12 Нөхцөл байдалд суурилсан сануулга шийдвэр
лэх ба хүргэх 
 []


Underfull \hbox (badness 10000) in paragraph at lines 8--8
 [][] [][]\TU/TimesNewRoman(0)/m/n/12 Сануулгагүйгээр өөрийн санаачилгатай гүйц
этгэл бүртгэх 
 []

)
\tf@lof=\write6
\openout6 = `main.lof'.

 [5



]
*geometry* verbose mode - [ newgeometry ] result:
* driver: xetex
* paper: a4paper
* layout: <same size as paper>
* layoutoffset:(h,v)=(0.0pt,0.0pt)
* modes: includehead includefoot 
* h-part:(L,W,R)=(90.3375pt, 416.83289pt, 90.3375pt)
* v-part:(T,H,B)=(72.26999pt, 700.50687pt, 72.26999pt)
* \paperwidth=597.50787pt
* \paperheight=845.04684pt
* \textwidth=416.83289pt
* \textheight=630.50687pt
* \oddsidemargin=18.0675pt
* \evensidemargin=18.0675pt
* \topmargin=0.0pt
* \headheight=15.0pt
* \headsep=25.0pt
* \topskip=12.0pt
* \footskip=30.0pt
* \marginparwidth=35.0pt
* \marginparsep=10.0pt
* \columnsep=10.0pt
* \skip\footins=10.8pt plus 4.0pt minus 2.0pt
* \hoffset=0.0pt
* \voffset=0.0pt
* \mag=1000
* \@twocolumnfalse
* \@twosidefalse
* \@mparswitchfalse
* \@reversemarginfalse
* (1in=72.27pt=25.4mm, 1cm=28.453pt)

 (main.lot)
\tf@lot=\write7
\openout7 = `main.lot'.

 [6



] (main.lol)
\tf@lol=\write8
\openout8 = `main.lol'.

 [7



])
\openout2 = `chapter1_research.aux'.

 (chapter1_research.tex
1.

Package hyperref Warning: Token not allowed in a PDF string (Unicode):
(hyperref)                removing `\uppercase' on input line 1.


Underfull \hbox (badness 10000) in paragraph at lines 1--2

 []


Underfull \hbox (badness 1661) in paragraph at lines 3--4
\TU/TimesNewRoman(0)/m/n/12 огтлолцолд байрлах чухал судалгааны чиглэл болж өрг
өжиж байна. Эрүүл мэнд,
 []


Underfull \hbox (badness 1142) in paragraph at lines 3--4
\TU/TimesNewRoman(0)/m/n/12 боловсрол, бүтээмж, хувийн санхүү, өдөр тутмын өөри
йн зохион байгуулалт зэрэг
 []


Underfull \hbox (badness 2005) in paragraph at lines 3--4
\TU/TimesNewRoman(0)/m/n/12 нь тодорхой орчны нөхцөл, өдөөгч дохио, тогтмол дав
талтын нөлөөгөөр аажмаар
 []


Underfull \hbox (badness 1048) in paragraph at lines 5--6
\TU/TimesNewRoman(0)/b/n/12 сэдэл, боломж, өдөөгч \TU/TimesNewRoman(0)/m/n/12 г
эсэн хүчин зүйлс тухайн мөчид нэгэн зэрэг бүрдсэн байх
 []


Underfull \hbox (badness 7116) in paragraph at lines 7--8
[]\TU/TimesNewRoman(0)/m/n/12 Өнөөдөр дадал хянах зориулалттай олон систем хэрэ
глэгчид сануулга өгөх,
 []


Underfull \hbox (badness 1655) in paragraph at lines 7--8
\TU/TimesNewRoman(0)/m/n/12 интерфэйсээс хэт хамааралтай болгох эрсдэлтэйг тэмд
эглэсэн байдаг [[]]. Иймээс
 []


Underfull \hbox (badness 2269) in paragraph at lines 7--8
\TU/TimesNewRoman(0)/m/n/12 системийн архитектур, системийн зохиомж, өгөгдлийн 
загвар, үндсэн алгоритмын
 []

[1




]
Underfull \hbox (badness 4726) in paragraph at lines 9--10
[]\TU/TimesNewRoman(0)/m/n/12 Нөгөө талаас, програм хангамжийн инженерийн хүрээ
нд зан үйлийн онолыг
 []


Underfull \hbox (badness 1028) in paragraph at lines 9--10
\TU/TimesNewRoman(0)/m/n/12 системийн архитектур, өгөгдлийн загвар, функциональ
 логик, алгоритмын түвшинд
 []


Underfull \hbox (badness 3460) in paragraph at lines 9--10
\TU/TimesNewRoman(0)/m/n/12 хэрхэн хөрвүүлэн хэрэгжүүлэх асуудал харьцангуй баг
а судлагдсан хэвээр байна.
 []


Underfull \hbox (badness 3039) in paragraph at lines 9--10
\TU/TimesNewRoman(0)/m/n/12 суурилсан дадал төлөвшүүлэх систем боловсруулах нь 
онолын болон практик ач
 []


Underfull \hbox (badness 1092) in paragraph at lines 11--12
\TU/TimesNewRoman(0)/m/n/12 нь тухайн дадлыг хийх сэдэл, зорилго, хүлээгдэж буй
 өгөөжийг, \TU/TimesNewRoman(0)/b/n/12 хариу үйлдэл \TU/TimesNewRoman(0)/m/n/12
 нь
 []


Underfull \hbox (badness 1824) in paragraph at lines 11--12
\TU/TimesNewRoman(0)/m/n/12 дамжуулан тогтвортой төлөвшүүлэхэд чиглэсэн системи
йн шийдлийг санал болгож
 []


Underfull \hbox (badness 1540) in paragraph at lines 15--16
\TU/TimesNewRoman(0)/m/n/12 дадал хэвшил тогтох үйл явцыг дэмжих зан үйлд суури
лсан програм хангамжийн
 []


Underfull \hbox (badness 10000) in paragraph at lines 15--16
\TU/TimesNewRoman(0)/m/n/12 системийн загвар, архитектур, системийн зохиомж бол
он туршилтын загварыг
 []

[2]
Underfull \hbox (badness 10000) in paragraph at lines 23--24
[]\TU/TimesNewRoman(0)/m/n/12 Одоогоор ашиглагдаж буй дадал хянах системүүдийн 
онцлог, давуу тал,
 []


Underfull \hbox (badness 10000) in paragraph at lines 27--28
[]\TU/TimesNewRoman(0)/m/n/12 Боловсруулсан шаардлага, архитектур, системийн зо
хиомжийн шийдэлд
 []


Underfull \hbox (badness 1107) in paragraph at lines 28--29
[]\TU/TimesNewRoman(0)/m/n/12 Туршилтын загварын хэрэглээ, гүйцэтгэл, автоматжи
лтын өөрчлөлт болон зан
 []

[3]
Underfull \hbox (badness 3657) in paragraph at lines 39--40
[]\TU/TimesNewRoman(0)/b/n/12 СА-3. \TU/TimesNewRoman(0)/m/n/12 Нөхцөл байдалд 
суурилсан сануулга, төвөгшлийг бууруулах дэмжлэг,
 []


Underfull \hbox (badness 10000) in paragraph at lines 39--40
\TU/TimesNewRoman(0)/m/n/12 эргэцүүлсэн урамшуулал болон автоматжилтын үнэлгээг
 хослуулсан системийн
 []


Underfull \hbox (badness 1199) in paragraph at lines 45--46
[]\TU/TimesNewRoman(0)/m/n/12 Нэгдүгээрт, дадал төлөвшлийн мөчлөгийн өдөөгч дох
ио, хүсэл тэмүүлэл, хариу
 []


Underfull \hbox (badness 1377) in paragraph at lines 47--48
[]\TU/TimesNewRoman(0)/m/n/12 Хоёрдугаарт, дадлын хүчийг зөвхөн гүйцэтгэлийн то
о, тасралтгүй гүйцэтгэлийн
 []


Underfull \hbox (badness 5008) in paragraph at lines 47--48
\TU/TimesNewRoman(0)/b/n/12 автоматжилтын үндсэн оноо \TU/TimesNewRoman(0)/m/n/
12 болон \TU/TimesNewRoman(0)/b/n/12 гүйцэтгэлийн тогтвортой байдал, нөхцөл
 []


Underfull \hbox (badness 1983) in paragraph at lines 47--48
\TU/TimesNewRoman(0)/b/n/12 байдлын тогтвортой байдал, сануулгаас хамааралтай б
айдал \TU/TimesNewRoman(0)/m/n/12 зэрэг зан үйлийн
 []

[4]
Underfull \hbox (badness 1454) in paragraph at lines 57--58
\TU/TimesNewRoman(0)/m/n/12 ач холбогдолтой. Энэ нь зан үйлийн шинжлэх ухаан бо
лон програм хангамжийн
 []


Underfull \hbox (badness 3000) in paragraph at lines 59--60
[]\TU/TimesNewRoman(0)/m/n/12 Практик ач холбогдлын хувьд, судалгааны үр дүнд б
оловсруулагдах зан үйлд
 []


Underfull \hbox (badness 1931) in paragraph at lines 59--60
\TU/TimesNewRoman(0)/m/n/12 суурилсан дадал төлөвшүүлэх системийн загвар нь хэр
эглэгчийн зан үйлийг илүү
 []


Underfull \hbox (badness 1762) in paragraph at lines 59--60
\TU/TimesNewRoman(0)/m/n/12 үр дүнтэй дэмжих дижитал шийдэл боловсруулах суурь 
болж чадна. Тухайлбал,
 []


Underfull \hbox (badness 2253) in paragraph at lines 59--60
\TU/TimesNewRoman(0)/m/n/12 бүтээмжийг сайжруулах, хувийн зохион байгуулалтыг д
эмжих зэрэг олон чиглэлд
 []


Underfull \hbox (badness 1048) in paragraph at lines 61--62
[]\TU/TimesNewRoman(0)/m/n/12 Инженерчлэлийн ач холбогдлын хувьд, уг судалгаа н
ь хэрэглэгчийн зан үйлийн
 []


Underfull \hbox (badness 3219) in paragraph at lines 61--62
\TU/TimesNewRoman(0)/m/n/12 онолыг системийн шаардлага, өгөгдлийн бүтэц, алгори
тмын шийдэл, архитектур,
 []

[5]
Underfull \hbox (badness 1122) in paragraph at lines 71--72
\TU/TimesNewRoman(0)/m/n/12 Фоггийн зан үйлийн загвар, итгүүлэн нөлөөлөх технол
огийн зарчим болон дадлын
 []

) [6]
\openout2 = `chapter2_license.aux'.

 (chapter2_license.tex
2.

Package hyperref Warning: Token not allowed in a PDF string (Unicode):
(hyperref)                removing `\uppercase' on input line 1.


Underfull \hbox (badness 10000) in paragraph at lines 1--2

 []


Underfull \hbox (badness 1184) in paragraph at lines 3--4
\TU/TimesNewRoman(0)/m/n/12 үйлийг дэмжих оролдлогууд өргөжсөн байна. Энэ чиглэ
лийн судалгаанууд нь нэг
 []


Underfull \hbox (badness 1803) in paragraph at lines 7--8
\TU/TimesNewRoman(0)/m/n/12 эртний туршилтуудаас эхтэй. Павловын сонгодог нөхцө
лдөлтийн туршилтаар анх
 []


Underfull \hbox (badness 2970) in paragraph at lines 7--8
\TU/TimesNewRoman(0)/m/n/12 саармаг байсан дохио давталтын үр дүнд автомат хари
у үйлдэл өдөөж болдгийг
 []


Underfull \hbox (badness 1259) in paragraph at lines 7--8
\TU/TimesNewRoman(0)/m/n/12 харуулсан [[]]. Харин Скиннерийн оперант нөхцөлдөлт
ийн судалгаагаар эерэг үр
 []

[7




]
Underfull \hbox (badness 1867) in paragraph at lines 17--18
[]\TU/TimesNewRoman(0)/m/n/12 Дадлын хүчийг судалгаанд ихэвчлэн тухайн зан үйл 
хэр зэрэг автоматжсан бэ
 []

[8]
Underfull \hbox (badness 1210) in paragraph at lines 25--26
\TU/TimesNewRoman(0)/m/n/12 төлөвшлийн мөчлөг юм. Duhigg уг загварыг өдөөгч дох
ио – үйлдлийн хэвшил –
 []


Underfull \hbox (badness 1264) in paragraph at lines 25--26
\TU/TimesNewRoman(0)/m/n/12 урамшууллын мэдрэмж нь тухайн зан үйлийг бататган, 
улмаар давталтын үр дүнд
 []

[9]
Underfull \hbox (badness 2903) in paragraph at lines 35--36
\TU/TimesNewRoman(0)/m/n/12 тухайн дадлыг дотоод автомат зан үйл болгон төлөвшү
үлэхийн оронд системийн
 []


Underfull \hbox (badness 1102) in paragraph at lines 37--38
[]\TU/TimesNewRoman(0)/m/n/12 Stawarz, Cox, Blandford нарын судалгаанд шинэ дад
лыг төлөвшүүлэхдээ жижиг,
 []

[10]
Underfull \hbox (badness 1430) in paragraph at lines 49--50
[]\TU/TimesNewRoman(0)/m/n/12 Сүүлийн жилүүдэд энэ чиглэл яг цаг тухайд нь даса
н зохицсон оролцоо гэсэн
 []


Underfull \hbox (badness 1077) in paragraph at lines 53--54
\TU/TimesNewRoman(0)/m/n/12 өөрийгөө хянах, урамшуулал, нөхцөл байдалд нийцсэн 
дэмжлэг зэрэг механизмууд
 []


Underfull \hbox (badness 2027) in paragraph at lines 57--58
\TU/TimesNewRoman(0)/m/n/12 хангамжийн системийн архитектур, өгөгдлийн загвар, 
системийн зохиомж, үндсэн
 []


Underfull \hbox (badness 3118) in paragraph at lines 57--58
\TU/TimesNewRoman(0)/m/n/12 гэсэн үе шатуудыг уялдуулан дэмжихийн зэрэгцээ дадл
ын хүчийг автоматжилтад
 []

[11]) [12]
\openout2 = `chapter3_architecture.aux'.

 (chapter3_architecture.tex
3.

Package hyperref Warning: Token not allowed in a PDF string (Unicode):
(hyperref)                removing `\uppercase' on input line 1.


Underfull \hbox (badness 10000) in paragraph at lines 1--2

 []


Underfull \hbox (badness 1817) in paragraph at lines 7--8
\TU/TimesNewRoman(0)/m/n/12 бууруулах шийдэл, дасан зохицох дэмжлэгийг онолын т
үвшинд зөвтгөнө. Харин
 []


Underfull \hbox (badness 1394) in paragraph at lines 7--8
\TU/TimesNewRoman(0)/m/n/12 итгүүлэн нөлөөлөх системийн зохиомжийн зарчим нь хэ
рэглэгчийг албадахгүйгээр,
 []

[13




]
LaTeX Font Info:    Font shape `TU/TimesNewRoman(0)/m/sl' in size <12> not avai
lable
(Font)              Font shape `TU/TimesNewRoman(0)/m/it' tried instead on inpu
t line 13.
LaTeX Font Info:    Font shape `TU/TimesNewRoman(0)/b/sl' in size <12> not avai
lable
(Font)              Font shape `TU/TimesNewRoman(0)/b/it' tried instead on inpu
t line 13.

Underfull \hbox (badness 2961) in paragraph at lines 19--20
[]\TU/TimesNewRoman(0)/m/n/12 Хүсэл тэмүүллийн давхарга нь хэрэглэгч тухайн зан
 үйлийг яагаад хийх гэж
 []


Underfull \hbox (badness 1173) in paragraph at lines 23--24
\TU/TimesNewRoman(0)/m/n/12 аль болох энгийн, ойлгомжтой, бага төвөгшилтэй байл
гах явдал юм. Иймээс нэг
 []


Underfull \hbox (badness 6396) in paragraph at lines 23--24
\TU/TimesNewRoman(0)/m/n/12 товшилтоор бүртгэх, дадлыг жижиг алхмуудад хуваах, 
minimum target тогтоох,
 []


Underfull \hbox (badness 2932) in paragraph at lines 23--24
\TU/TimesNewRoman(0)/m/n/12 шаардлагатай үед бодит гүйцэтгэлийн утгыг хурдан ор
уулах зэрэг шийдлүүд энэ
 []


Underfull \hbox (badness 10000) in paragraph at lines 26--27
[]\TU/TimesNewRoman(0)/m/n/12 Урамшууллын давхарга нь зан үйлийн дараах бататга
л, ахицын мэдрэмж,
 []


Underfull \hbox (badness 2753) in paragraph at lines 26--27
\TU/TimesNewRoman(0)/m/n/12 үргэлжлүүлэх шалтгааныг бэхжүүлэхэд чиглэнэ. Энэ тү
вшинд систем нь зөвхөн
 []

[14]
Underfull \hbox (badness 1603) in paragraph at lines 30--31
\TU/TimesNewRoman(0)/m/n/12 байх, үйлдэл хийх боломж бүрдсэн байх, мөн зөв цагт
 өдөөгч дохио ирсэн байх
 []


Underfull \hbox (badness 1796) in paragraph at lines 32--33
[]\TU/TimesNewRoman(0)/m/n/12 Энэ логикийг системийн түвшинд дараах байдлаар ту
сгаж байна. Нэгдүгээрт,
 []


Underfull \hbox (badness 1383) in paragraph at lines 32--33
\TU/TimesNewRoman(0)/m/n/12 өндөр байвал гүйцэтгэлийг жижигрүүлэх, нэг товшилто
ор хариу өгөх, хэсэгчилсэн
 []


Underfull \hbox (badness 3557) in paragraph at lines 32--33
\TU/TimesNewRoman(0)/m/n/12 гүйцэтгэл зөвшөөрөх зэргээр боломжийг нэмэгдүүлнэ. 
Гуравдугаарт, мэдэгдлийг
 []


Underfull \hbox (badness 1400) in paragraph at lines 36--37
\TU/TimesNewRoman(0)/m/n/12 өгөх зохиомжийн зарчмыг тодорхойлоход ашиглагдана. 
Энэ хүрээнд хэрэглэгчийн
 []

[15]
Underfull \hbox (badness 1533) in paragraph at lines 40--41
\TU/TimesNewRoman(0)/m/n/12 гүйцэтгэлийн хувиар бус, харин тухайн зан үйл хэр з
эрэг автоматжсан бэ гэдгээр
 []

[16]
Underfull \hbox (badness 6364) in paragraph at lines 77--78
[]\TU/TimesNewRoman(0)/m/n/12 Энэ томьёо нь судалгаанд тогтсон стандарт томьёо 
биш, харин судалгааны
 []


Underfull \hbox (badness 2229) in paragraph at lines 79--80
\TU/TimesNewRoman(0)/m/n/12 дадлын хувьд “өгөгдсөн өдөөгч дохион дээр эхэлсэн э
сэх” үзүүлэлтийг тусгайлан
 []


Underfull \hbox (badness 3179) in paragraph at lines 85--86
\TU/TimesNewRoman(0)/m/n/12 тэмүүллийг идэвхжүүлнэ. Гуравдугаарт, гүйцэтгэлийг 
аль болох хялбар болгож,
 []


Underfull \hbox (badness 3019) in paragraph at lines 85--86
\TU/TimesNewRoman(0)/m/n/12 төвөгшлийг бууруулснаар хариу үйлдлийг дэмжинэ. Дөр
өвдүгээрт, гүйцэтгэлийн
 []


Underfull \hbox (badness 1082) in paragraph at lines 85--86
\TU/TimesNewRoman(0)/m/n/12 дараа шууд болон эргэцүүлсэн урамшуулал өгч зан үйл
ийг бататгана. Тавдугаарт,
 []

[17])
Underfull \hbox (badness 4341) in paragraph at lines 89--18
[]\TU/TimesNewRoman(0)/m/n/12 Дадал төлөвшлийн мөчлөгийг системийн үндсэн логик
, Фоггийн зан үйлийн
 []

[18]
\openout2 = `chapter4_system_design.aux'.

 (chapter4_system_design.tex
4.

Package hyperref Warning: Token not allowed in a PDF string (Unicode):
(hyperref)                removing `\uppercase' on input line 1.


Underfull \hbox (badness 1009) in paragraph at lines 1--2
\TU/TimesNewRoman(0)/b/n/24.88 4. СИСТЕМИЙН ШИНЖИЛГЭЭ БА
 []


Underfull \hbox (badness 10000) in paragraph at lines 1--2

 []


Underfull \hbox (badness 1231) in paragraph at lines 3--4
\TU/TimesNewRoman(0)/m/n/12 боловсруулна. Тодруулбал, системийн зорилтот хэрэгл
эгчийн бүлэг, хамрах хүрээ,
 []


Underfull \hbox (badness 1275) in paragraph at lines 3--4
\TU/TimesNewRoman(0)/m/n/12 хэрэглээний тохиолдол, архитектурын зохион байгуула
лт, өгөгдлийн загвар, үндсэн
 []


Underfull \hbox (badness 2088) in paragraph at lines 11--12
\TU/TimesNewRoman(0)/m/n/12 хэрэглэгчид суралцах дадал, цагийн менежмент, хувий
н зохион байгуулалт, эрүүл
 []


Underfull \hbox (badness 1661) in paragraph at lines 11--12
\TU/TimesNewRoman(0)/m/n/12 амьдралын энгийн хэвшил зэрэг өдөр тутмын зан үйлий
г тогтмолжуулах хэрэгцээ
 []

[19




]
Underfull \hbox (badness 1577) in paragraph at lines 25--25
[]|\TU/TimesNewRoman(0)/m/n/10.95 Цаг, ажил, өдөр тутмын 
 []


Underfull \hbox (badness 10000) in paragraph at lines 35--36
\TU/TimesNewRoman(0)/m/n/12 өгөгдлийн загвар, сануулгын логик, санал сэтгэгдлий
н бүтэц зэрэг дараагийн
 []

[20]
Underfull \hbox (badness 10000) in paragraph at lines 59--60
[]\TU/TimesNewRoman(0)/m/n/12 Системийн хамрах хүрээг тодорхойлох нь судалгааны
 ажлын хүрээнд ямар
 []


Underfull \hbox (badness 5231) in paragraph at lines 59--60
\TU/TimesNewRoman(0)/m/n/12 боломжуудыг хэрэгжүүлэх, мөн ямар боломжуудыг зориу
д хамруулахгүй байхыг
 []


Underfull \hbox (badness 1005) in paragraph at lines 59--60
\TU/TimesNewRoman(0)/m/n/12 хэрэглээ, туршилтын загварын түвшний хэрэгжих болом
ж, зан үйлийн дэмжлэгийн
 []

[21]
Underfull \hbox (badness 3557) in paragraph at lines 78--79
[]\TU/TimesNewRoman(0)/m/n/12 Тасралтгүй гүйцэтгэлийн цуваа, урамшуулал, дадлын
 хүчний оноо, ахицын
 []


Underfull \hbox (badness 2261) in paragraph at lines 85--86
\TU/TimesNewRoman(0)/m/n/12 системийн техникийн хязгаарлалтыг харгалзан дараах 
боломжуудыг энэхүү ажлын
 []


Underfull \hbox (badness 2582) in paragraph at lines 90--91
[]\TU/TimesNewRoman(0)/m/n/12 төхөөрөмжийн доод түвшний мэдрэгчийн өгөгдөлд тул
гуурласан зан үйлийн
 []

[22]
Underfull \hbox (badness 1616) in paragraph at lines 103--104
\TU/TimesNewRoman(0)/m/n/12 агуулсан байхыг тодорхойлно. Уг судалгаанд эдгээр ш
аардлагыг бүртгэл, дадлын
 []


Underfull \hbox (badness 10000) in alignment at lines 105--109
[] [] [] []
 []


Underfull \hbox (badness 1142) in paragraph at lines 116--116
[]|\TU/TimesNewRoman(0)/m/n/12 Систем нь дадал бүрт 
 []


Underfull \hbox (badness 1142) in paragraph at lines 118--118
[]|\TU/TimesNewRoman(0)/m/n/12 Систем нь дадал бүрт 
 []


Underfull \hbox (badness 1087) in paragraph at lines 118--119
[]|\TU/TimesNewRoman(0)/m/n/12 Оруулсан 
 []


Underfull \hbox (badness 1033) in paragraph at lines 126--127
\TU/TimesNewRoman(0)/m/n/12 шийдвэрт 
 []


Underfull \hbox (badness 2608) in paragraph at lines 132--132
[]|\TU/TimesNewRoman(0)/m/n/12 Систем нь дадлын 
 []


Underfull \hbox (badness 1281) in paragraph at lines 132--132
\TU/TimesNewRoman(0)/m/n/12 бүртгэсэн хугацаа, эх 
 []


Underfull \hbox (badness 1394) in paragraph at lines 144--144
[]|\TU/TimesNewRoman(0)/m/n/12 Систем нь дараалсан 
 []


Underfull \hbox (badness 2334) in paragraph at lines 144--144
\TU/TimesNewRoman(0)/m/n/12 амжилттай өдрийн 
 []


Underfull \hbox (badness 1087) in paragraph at lines 146--146
[]|\TU/TimesNewRoman(0)/m/n/12 Систем нь амжилттай 
 []


Underfull \hbox (badness 2707) in paragraph at lines 146--147
[]|\TU/TimesNewRoman(0)/m/n/12 Бодит 
 []


Overfull \hbox (12.1064pt too wide) in paragraph at lines 150--150
[]|\TU/TimesNewRoman(0)/m/n/12 Автоматжилтын 
 []


Underfull \hbox (badness 1019) in paragraph at lines 150--150
[]|\TU/TimesNewRoman(0)/m/n/12 Систем нь зан үйлийн 
 []


Underfull \hbox (badness 1038) in paragraph at lines 152--152
\TU/TimesNewRoman(0)/m/n/12 прокси үзүүлэлтүүдэд 
 []


Underfull \hbox (badness 1163) in paragraph at lines 152--153
\TU/TimesNewRoman(0)/m/n/12 оролцсон 
 []


Underfull \hbox (badness 1558) in paragraph at lines 156--156
\TU/TimesNewRoman(0)/m/n/12 хүчний өөрчлөлтийг 
 []


Overfull \hbox (9.00679pt too wide) in paragraph at lines 160--160
[]|\TU/TimesNewRoman(0)/m/n/12 Шинжилгээний 
 []


Underfull \hbox (badness 10000) in alignment at lines 109--162
[] [] [] []
 []

[23]
chapter4_system_design.tex:162: ignored: Infinite glue shrinkage found in box b
eing split [24]
chapter4_system_design.tex:162: ignored: Infinite glue shrinkage found in box b
eing split [25]
chapter4_system_design.tex:162: ignored: Infinite glue shrinkage found in box b
eing split [26]
chapter4_system_design.tex:162: ignored: Infinite glue shrinkage found in box b
eing split [27]
chapter4_system_design.tex:162: ignored: Infinite glue shrinkage found in box b
eing split [28]
chapter4_system_design.tex:162: ignored: Infinite glue shrinkage found in box b
eing split [29]
chapter4_system_design.tex:162: ignored: Infinite glue shrinkage found in box b
eing split [30]
Underfull \hbox (badness 1635) in paragraph at lines 174--174
[]|\TU/TimesNewRoman(0)/b/n/12 Функциональ бус 
 []


Underfull \hbox (badness 10000) in alignment at lines 172--176
[] [] [] []
 []


Overfull \hbox (1.17445pt too wide) in paragraph at lines 177--177
[]|\TU/TimesNewRoman(0)/m/n/12 ФБШ- 
 []


Underfull \hbox (badness 1072) in paragraph at lines 177--177
[]|\TU/TimesNewRoman(0)/m/n/12 Үндсэн хэрэглээний 
 []


Overfull \hbox (1.17445pt too wide) in paragraph at lines 179--179
[]|\TU/TimesNewRoman(0)/m/n/12 ФБШ- 
 []


Overfull \hbox (1.17445pt too wide) in paragraph at lines 181--181
[]|\TU/TimesNewRoman(0)/m/n/12 ФБШ- 
 []


Underfull \hbox (badness 1609) in paragraph at lines 181--181
\TU/TimesNewRoman(0)/m/n/12 сануулгын үйлдэл, 
 []


Overfull \hbox (1.17445pt too wide) in paragraph at lines 183--183
[]|\TU/TimesNewRoman(0)/m/n/12 ФБШ- 
 []


Overfull \hbox (1.17445pt too wide) in paragraph at lines 185--185
[]|\TU/TimesNewRoman(0)/m/n/12 ФБШ- 
 []


Overfull \hbox (1.17445pt too wide) in paragraph at lines 187--187
[]|\TU/TimesNewRoman(0)/m/n/12 ФБШ- 
 []


Overfull \hbox (1.17445pt too wide) in paragraph at lines 189--189
[]|\TU/TimesNewRoman(0)/m/n/12 ФБШ- 
 []


Underfull \hbox (badness 1024) in paragraph at lines 189--189
[]|\TU/TimesNewRoman(0)/m/n/12 Системийн бүтэц нь 
 []


Overfull \hbox (1.17445pt too wide) in paragraph at lines 191--191
[]|\TU/TimesNewRoman(0)/m/n/12 ФБШ- 
 []


Overfull \hbox (1.17445pt too wide) in paragraph at lines 193--193
[]|\TU/TimesNewRoman(0)/m/n/12 ФБШ- 
 []


Overfull \hbox (1.17445pt too wide) in paragraph at lines 195--195
[]|\TU/TimesNewRoman(0)/m/n/12 ФБШ- 
 []


Underfull \hbox (badness 10000) in alignment at lines 176--197
[] [] [] []
 []

[31]
chapter4_system_design.tex:197: ignored: Infinite glue shrinkage found in box b
eing split [32]
chapter4_system_design.tex:197: ignored: Infinite glue shrinkage found in box b
eing split [33]
Underfull \hbox (badness 1067) in paragraph at lines 199--200
\TU/TimesNewRoman(0)/m/n/12 хялбар байдал, төвөгшил багатай харилцан үйлчлэл, н
ууцлалыг хамгаалсан нөхцөл
 []


Underfull \hbox (badness 1168) in paragraph at lines 203--204
\TU/TimesNewRoman(0)/m/n/12 логикоор хэрэгжих тул хэрэглээний тохиолдлын диагра
ммд тусдаа гадаад оролцогч
 []


Underfull \hbox (badness 1748) in paragraph at lines 229--230
[]|\TU/TimesNewRoman(0)/m/n/10.95 Гүйцэтгэлийн түүх, цуваа, оноо, 
 []

[34]
File: images/GeneralUseCaseDiagram.png Graphic file (type bmp)
<images/GeneralUseCaseDiagram.png>
 [35]
Underfull \hbox (badness 1325) in paragraph at lines 251--252
\TU/TimesNewRoman(0)/m/n/12 оффлайн дэмжлэгийг хэрэгжүүлэх боломж бүрдүүлнэ. Се
рвер тал нь NestJS дээр
 []

[36]
Underfull \hbox (badness 1237) in paragraph at lines 253--254
[]\TU/TimesNewRoman(0)/m/n/12 Системийн ерөнхий архитектурын давхаргат зохион б
айгуулалтыг дараах зурагт
 []

File: images/CleanArchitectureDiagram.png Graphic file (type bmp)
<images/CleanArchitectureDiagram.png>

Underfull \hbox (badness 1009) in paragraph at lines 271--271
[]|\TU/TimesNewRoman(0)/m/n/10.95 Хэрэглэгчийн 
 []


Underfull \hbox (badness 1584) in paragraph at lines 317--318
\TU/TimesNewRoman(0)/m/n/12 гүйцэтгэлийн түүх, сануулгад өгсөн үйлдлийн түүх, с
ануулгыг аажмаар бууруулах
 []


Underfull \hbox (badness 1152) in paragraph at lines 317--318
\TU/TimesNewRoman(0)/m/n/12 Харин дадлын хүчний модуль нь автоматжилтын үнэлгээ
, гүйцэтгэлийн тогтвортой
 []

[37]
Underfull \hbox (badness 7558) in paragraph at lines 321--322
[]\TU/TimesNewRoman(0)/m/n/12 Архитектурын нэг чухал онцлог нь мэдэгдэл хүргэх 
логикийг хэрэглэгчийн
 []


Underfull \hbox (badness 1281) in paragraph at lines 321--322
\TU/TimesNewRoman(0)/m/n/12 сануулга илгээх шаардлагатай гэж үзсэн тохиолдолд м
эдэгдэл хүргэх бүрэлдэхүүнд
 []

[38] [39]
Underfull \hbox (badness 1242) in paragraph at lines 385--386
[]\TU/TimesNewRoman(0)/m/n/12 Өгөгдөлийн хамаарлын бүтэцэд дадал нь төв нэгж бо
лно. Нэг хэрэглэгч олон
 []

[40] [41]
Underfull \hbox (badness 1603) in paragraph at lines 401--402
\TU/TimesNewRoman(0)/m/n/12 нийцсэн байдлаар зохион байгуулагдсан. Өөрөөр хэлбэ
л, систем нь хэрэглэгчийн
 []


Underfull \hbox (badness 3108) in paragraph at lines 401--402
\TU/TimesNewRoman(0)/m/n/12 зан үйлийг зөвхөн бүртгэх бус, харин эхлүүлэх, хэрэ
гжүүлэх, бататгах, аажмаар
 []


Underfull \hbox (badness 3354) in paragraph at lines 405--406
[]\TU/TimesNewRoman(0)/m/n/12 Системийн ажиллагааны үндсэн урсгал дараах байдал
тай байна. Нэгдүгээрт,
 []


Underfull \hbox (badness 3701) in paragraph at lines 405--406
\TU/TimesNewRoman(0)/m/n/12 хэрэглэгч шинэ дадал үүсгэж, түүнд хамаарах зорилго
, өдөөгч нөхцөл, хуваарь,
 []


Underfull \hbox (badness 1259) in paragraph at lines 405--406
\TU/TimesNewRoman(0)/m/n/12 хүргэх модуль рүү дамжуулна. Дөрөвдүгээрт, хэрэглэг
ч сануулгад үйлдэл сонгож,
 []


Underfull \hbox (badness 4060) in paragraph at lines 405--406
\TU/TimesNewRoman(0)/m/n/12 эсвэл өөрийн санаачилгаар гүйцэтгэл бүртгэнэ. Тавду
гаарт, гүйцэтгэлийн дараа
 []

[42]
File: images/ActivityDiagram1.png Graphic file (type bmp)
<images/ActivityDiagram1.png>

Underfull \hbox (badness 1424) in paragraph at lines 440--441
[]\TU/TimesNewRoman(0)/m/n/12 Энэхүү уялдаа нь онолын загвар системийн функц, ө
гөгдлийн бүтэц, харилцан
 []

[43]
Underfull \hbox (badness 2050) in paragraph at lines 446--447
[]\TU/TimesNewRoman(0)/m/n/12 Хэрэв хэрэглэгч сануулгад үйлдэл сонгосны дараа б
огино хугацаанд гүйцэтгэл
 []

[44]
Underfull \hbox (badness 5064) in paragraph at lines 470--471
[]\TU/TimesNewRoman(0)/m/n/12 Өөрийн санаачилгатай бүртгэл, сануулгад хариулах 
урсгал, мөн гүйцэтгэлээс
 []


Underfull \hbox (badness 4634) in paragraph at lines 474--475
[]\TU/TimesNewRoman(0)/m/n/12 Систем нь хэрэглэгчийг үргэлж ижил түвшний сануул
гаар өдөөх бус, дадал
 []


Underfull \hbox (badness 4316) in paragraph at lines 474--475
\TU/TimesNewRoman(0)/m/n/12 тогтворжихын хэрээр сануулгын давтамжийг аажмаар бу
уруулах логиктой байна.
 []

[45]
Underfull \hbox (badness 10000) in paragraph at lines 480--481
\TU/TimesNewRoman(0)/m/n/12 амжилттай гүйцэтгэж чадах боломжит нөхцөлийг бүрдүү
лэхэд оршиж байгааг
 []

[46] [47] [48]
Underfull \hbox (badness 3219) in paragraph at lines 546--547
\TU/TimesNewRoman(0)/m/n/12 зэрэг доод түвшний мэдээлэлд тогтвортой хандах боло
мжгүй. Хоёрдугаарт, вэб
 []


Underfull \hbox (badness 1629) in paragraph at lines 546--547
\TU/TimesNewRoman(0)/m/n/12 байнгын хяналт хийхгүй. Дөрөвдүгээрт, сануулгын ший
двэрийн логик нь дүрэмт
 []


Underfull \hbox (badness 1067) in paragraph at lines 552--553
\TU/TimesNewRoman(0)/m/n/12 урамшуулал, автоматжилт зэрэг зан үйлийн үндсэн ойл
голтуудыг сануулгын логик,
 []


Underfull \hbox (badness 1742) in paragraph at lines 554--555
\TU/TimesNewRoman(0)/m/n/12 байна. Иймээс энэхүү бүлэг нь дараагийн хэрэгжүүлэл
т, интерфэйсийн зохиомж,
 []

[49]) [50]
\openout2 = `chapter5_evaluation.aux'.

 (chapter5_evaluation.tex
5.

Package hyperref Warning: Token not allowed in a PDF string (Unicode):
(hyperref)                removing `\uppercase' on input line 1.


Underfull \hbox (badness 10000) in paragraph at lines 1--2

 []


Underfull \hbox (badness 3954) in paragraph at lines 17--18
\TU/TimesNewRoman(0)/m/n/12 оролцогчид системд дадлаа үүсгэж, өдөөгч нөхцөл, ху
ваарь, сэдлийн профайлаа
 []


Underfull \hbox (badness 3118) in paragraph at lines 17--18
\TU/TimesNewRoman(0)/m/n/12 хэцүү байдлын үнэлгээ, эргэцүүлсэн санал сэтгэгдэл,
 SRBAI үнэлгээг цуглуулна.
 []

[51




]
Underfull \hbox (badness 1163) in paragraph at lines 25--26
[]\TU/TimesNewRoman(0)/m/n/12 Сануулгын өгөгдөл – илгээгдсэн сануулга, сонгосон
 үйлдэл, дахин сануулсан
 []


Underfull \hbox (badness 4242) in paragraph at lines 28--29
[]\TU/TimesNewRoman(0)/m/n/12 Санал сэтгэгдлийн өгөгдөл – хэцүү байдлын үнэлгээ
, ашиг тусын талаарх
 []

[52]
Underfull \hbox (badness 2221) in paragraph at lines 49--50
\TU/TimesNewRoman(0)/m/n/12 хүрээ, ерөнхий байршил, өмнөх үйлдлийн нөхцөлд хэр 
тогтвор хэрэгжүүлж буйг
 []


Underfull \hbox (badness 2460) in paragraph at lines 53--54
\TU/TimesNewRoman(0)/m/n/12 гүйцэтгэл, автоматжилтын үнэлгээ, дадлын хүчний өөр
члөлтийг хүснэгт, шугаман
 []


Underfull \hbox (badness 3536) in paragraph at lines 53--54
\TU/TimesNewRoman(0)/m/n/12 аргаар ангилж, сануулгын тохиромжтой байдал, хялбар
шуулах саналын хэрэгцээ,
 []

) [53]
\openout2 = `appendix_system_details.aux'.

 (appendix_system_details.tex
AppendixA.

Package hyperref Warning: Token not allowed in a PDF string (Unicode):
(hyperref)                removing `\uppercase' on input line 1.


Underfull \hbox (badness 10000) in paragraph at lines 1--2
\TU/TimesNewRoman(0)/b/n/24.88 A. СИСТЕМИЙН ДЭЛГЭРЭНГҮЙ
 []


Underfull \hbox (badness 10000) in paragraph at lines 1--2

 []


Underfull \hbox (badness 5985) in paragraph at lines 3--4
\TU/TimesNewRoman(0)/m/n/12 Энэхүү хавсралтад 4-р бүлгийн үндсэн тайлбарыг дэмж
их дэлгэрэнгүй хүснэгт,
 []


Underfull \hbox (badness 10000) in paragraph at lines 3--4
\TU/TimesNewRoman(0)/m/n/12 хэрэглээний тохиолдлын нарийвчилсан зураг, системий
н урсгалын нэмэлт
 []


Package caption Warning: The option `hypcap=true' will be ignored for this
(caption)                particular \caption on input line 9.
See the caption package documentation for explanation.


Underfull \hbox (badness 10000) in alignment at lines 10--14
[] [] [] []
 []


Underfull \hbox (badness 10000) in alignment at lines 14--18
[] [] [] []
 []


Underfull \hbox (badness 1005) in paragraph at lines 29--30
\TU/TimesNewRoman(0)/m/n/10 нөхцөлүүд зөв 
 []


Underfull \hbox (badness 10000) in alignment at lines 18--45
[] [] [] []
 []

appendix_system_details.tex:45: ignored: Infinite glue shrinkage found in box b
eing split [54




]

Package caption Warning: The option `hypcap=true' will be ignored for this
(caption)                particular \caption on input line 50.
See the caption package documentation for explanation.


Underfull \hbox (badness 10000) in alignment at lines 51--55
[] [] [] []
 []


Underfull \hbox (badness 10000) in alignment at lines 55--59
[] [] [] []
 []


Underfull \hbox (badness 1242) in paragraph at lines 80--80
[]|\TU/TimesNewRoman(0)/m/n/10 Систем нь ахиц, цуваа, 
 []


Underfull \hbox (badness 10000) in alignment at lines 59--86
[] [] [] []
 []

appendix_system_details.tex:86: ignored: Infinite glue shrinkage found in box b
eing split [55]
Underfull \hbox (badness 1406) in paragraph at lines 105--105
[]|\TU/TimesNewRoman(0)/m/n/10 Хэрэглэгчийн өгөгдлийг 
 []

[56]
File: images/HabitManagementUseCase.png Graphic file (type bmp)
<images/HabitManagementUseCase.png>
 [57]
File: images/SequenceDiagram1.png Graphic file (type bmp)
<images/SequenceDiagram1.png>
 [58]
File: images/ActivityDiagram3.png Graphic file (type bmp)
<images/ActivityDiagram3.png>
File: images/SequenceDiagram2.png Graphic file (type bmp)
<images/SequenceDiagram2.png>

Underfull \hbox (badness 1688) in paragraph at lines 146--146
[]\TU/TimesNewRoman(0)/m/n/12 Зураг A.4: |Нөхцөл байдалд суурилсан сануулга ший
двэрлэх ба хүргэх дарааллын
 []

[59]
File: images/SequenceDiagram4.png Graphic file (type bmp)
<images/SequenceDiagram4.png>

Underfull \hbox (badness 5036) in paragraph at lines 152--152
[]\TU/TimesNewRoman(0)/m/n/12 Зураг A.5: |Сануулгагүйгээр өөрийн санаачилгатай 
гүйцэтгэл бүртгэх дарааллын
 []

[60]
File: images/activityDiagram4.png Graphic file (type bmp)
<images/activityDiagram4.png>

Underfull \hbox (badness 1067) in paragraph at lines 158--158
[]\TU/TimesNewRoman(0)/m/n/12 Зураг A.6: |Гүйцэтгэл бүртгэх, санал сэтгэгдэл ав
ах, урамшуулал идэвхжүүлэх үйл
 []

[61]
File: images/SequenceDiagram3.png Graphic file (type bmp)
<images/SequenceDiagram3.png>
 [62]
File: images/ActivityDiagram5.png Graphic file (type bmp)
<images/ActivityDiagram5.png>
File: images/SequenceDiagram5.png Graphic file (type bmp)
<images/SequenceDiagram5.png>
 [63]) [64] [65] [66



]
Underfull \hbox (badness 4454) in paragraph at lines 76--77
[]\TU/TimesNewRoman(0)/m/n/12 Crunchy Bagel. (2026). \TU/TimesNewRoman(0)/m/it/
12 STREAKS\TU/TimesNewRoman(0)/m/n/12 . Retrieved March 19, 2026, from []$[][][
][][] [] [] []
 []

[67] (main.aux (main-pre.aux) (chapter1_research.aux) (chapter2_license.aux)
(chapter3_architecture.aux) (chapter4_system_design.aux)
(chapter5_evaluation.aux) (appendix_system_details.aux))
 ***********
LaTeX2e <2025-11-01>
L3 programming layer <2026-01-19>
 ***********
Package rerunfilecheck Info: File `main.out' has not changed.
(rerunfilecheck)             Checksum: F8262115D140557D713FF68141675764;16404.
 ) 
Here is how much of TeX's memory you used:
 23336 strings out of 402982
 427847 string characters out of 5447025
 968589 words of memory out of 5000000
 51662 multiletter control sequences out of 15000+600000
 643808 words of font info for 147 fonts, out of 8000000 for 9000
 1348 hyphenation exceptions out of 8191
 115i,13n,120p,1083b,641s stack positions out of 10000i,1000n,20000p,200000b,200000s

Output written on main.pdf (76 pages).
